Minichem 0.0
By Alexander Oleynichenko, 2016
Build:      1281
Build date: Mar  9 2016 21:44:01
Compiler:   gcc 5.2.0
Date:       Wed Mar  9 22:44:26 2016
Cores:      1
Arguments:  ../bin/minichem C2H4.nw 
------------------------------------------------------------
>>> C2H4.nw
start C2H4
memory 400 mb
echo

geometry
C       -0.034486550      0.691394960      0.000000000
C        0.028141480     -0.613093450      0.000000000
H       -0.976771620      1.223168460      0.000000000
H        0.852662750      1.310733540      0.000000000
H        0.970605920     -1.144586200      0.000000000
H       -0.858865390     -1.232589870      0.000000000
end

# STO-3G
basis "ao basis" SPHERICAL
H    S
      3.42525091             0.15432897       
      0.62391373             0.53532814       
      0.16885540             0.44463454  
C    S
     71.6168370              0.15432897       
     13.0450960              0.53532814       
      3.5305122              0.44463454       
C    S
      2.9412494             -0.09996723
      0.6834831              0.39951283    
      0.2222899              0.70011547            
C    P
      2.9412494              0.15591627       
      0.6834831              0.60768372       
      0.2222899              0.39195739    
end

scf
  diis 4
  guess eht
end

out
  molden
end

task scf
------------------------------------------------------------
                    Basis information
   H
  ----
  1   1S     3.42525091     0.15432897
             0.62391373     0.53532814
             0.16885540     0.44463454


   C
  ----
  1   1S    71.61683700     0.15432897
            13.04509600     0.53532814
             3.53051220     0.44463454

  2   2S     2.94124940    -0.09996723
             0.68348310     0.39951283
             0.22228990     0.70011547

  3   2P     2.94124940     0.15591627
             0.68348310     0.60768372
             0.22228990     0.39195739


Spherical basis set summary:
*---------*-----------------*--------*------------*
| Element |   Description   | Shells | Primitives |
*---------*-----------------*--------*------------*
|   H     | ao basis        |   1    |     3      |
|   C     | ao basis        |   3    |     9      |
*---------*-----------------*--------*------------*

------------------------------------------------------------
          ********************************
          *      Parallel SCF Module     *
          ********************************

Formula:   
Atoms:     6
Electrons: 16
Mol mass:  28.053
Charge:    0
Spin mult: 1
Units:     angstroms
------------------------------------------------------------
One-electron integrals evaluation algorithm: Obara-Saika
Two-electron integrals evaluation algorithm: Obara-Saika
One-electron integrals done in 0.000004 sec

****************** BASIS ORTHOGONALIZATION *******************
Algorithm: canonical
Basis functions elimination threshold: 1e-08
Overlap matrix lowest eigenvalue = 0.17870619
AO basis orthogonalization done in 0.000128 sec

Initial guess: extended Huckel theory
Initial energy = -110.21938626
Initial guess done in 0.003602 sec

#bfns = 14
#eris = 5565

 iter.       Energy         Delta E       RMS-Dens       DIIS-Err     time
----------------------------------------------------------------------------
   1     -77.76137854    -1.28819813     0.52979118     0.30953427    0.13
   2     -76.93390212     0.82747642     0.12860660     0.02571844    0.27
   3     -77.09003322    -0.15613109     0.02496905     0.00202482    0.40
   4     -77.07385622     0.01617699     0.00228328     0.00031134    0.53
   5     -77.07403625    -0.00018003     0.00013815     0.00002962    0.66
   6     -77.07395243     0.00008382     0.00001880     0.00000454    0.79
   7     -77.07395536    -0.00000293     0.00000131     0.00000027    0.92
   8     -77.07395495     0.00000041     0.00000033     0.00000021    1.05
----------------------------------------------------------------------------
          Total SCF energy =   -77.07395495
  Nuclear repulsion energy =    33.74620585


      Time for:           sec
---------------------------------
  Orthogonalization      0.000
  Initial guess          0.004
  Density matrix         0.033
  Fock matrix            0.993
  Diagonalization        0.001
---------------------------------


         Molecular Orbitals Summary
  +-----+-----+----------------+----------+
  | No  | Occ |     Energy     | Symmetry |
  +-----+-----+----------------+----------+
  | 1   |  2  |   -11.02171351 |     ?    |
  | 2   |  2  |   -11.02066559 |     ?    |
  | 3   |  2  |    -0.98766471 |     ?    |
  | 4   |  2  |    -0.74572766 |     ?    |
  | 5   |  2  |    -0.60563350 |     ?    |
  | 6   |  2  |    -0.54024193 |     ?    |
  | 7   |  2  |    -0.45806029 |     ?    |
  | 8   |  2  |    -0.33550860 |     ?    |
  | 9   |  0  |     0.32832599 |     ?    |
  | 10  |  0  |     0.61881805 |     ?    |
  | 11  |  0  |     0.69991510 |     ?    |
  | 12  |  0  |     0.70365660 |     ?    |
  | 13  |  0  |     0.94776748 |     ?    |
  | 14  |  0  |     1.02793540 |     ?    |
  +-----+-----+----------------+----------+

        Mulliken population analysis
        ----------------------------

      Atom     Population     Charge
      1  C     6.12712763  -0.12712763
      2  C     6.12713561  -0.12713561
      3  H     0.93643658   0.06356342
      4  H     0.93643728   0.06356272
      5  H     0.93643774   0.06356226
      6  H     0.93642516   0.06357484


        Loewdin population analysis
        ---------------------------

      Atom     Population     Charge
      1  C     6.06585227  -0.06585227
      2  C     6.06586013  -0.06586013
      3  H     0.96707278   0.03292722
      4  H     0.96707592   0.03292408
      5  H     0.96707289   0.03292711
      6  H     0.96706602   0.03293398

               Multipole moments
               -----------------
  D       x            y            z
     0.00000831   0.00000596   0.00000000

  |D| = 0.00001023 a.u. = 0.00002599 Debye


Allocated: 127488 bytes
Freed:     114544 bytes
Max usage: 30976 bytes
Total time: 1.06 sec
