Minichem 1.0
By Alexander Oleynichenko, 2018
Build date:    Aug 31 2018 09:16:32
Compiler:      gcc 8.2.0
Date:          Fri Aug 31 09:19:18 2018
# MPI threads: 1
Arguments:  minichem.x C4H10.nw 
------------------------------------------------------------
>>> C4H10.nw
# Hartree-Fock calculation of CO

start C4H10
memory 400 mb
echo
nproc 4

geometry
C     0.26142641   0.14797325  -1.94490743
C    -0.39441517   0.33018704  -0.57033640
C     0.39471357  -0.32891968   0.57023536
C    -0.26164731  -0.14845028   1.94473464
H    -1.41633722  -0.08719742  -0.59072051
H     1.41630526   0.08862744   0.59117111
H    -1.27177071  -0.58676349   1.96360239
H     1.27035564   0.58868249  -1.96507454
H     0.32640466  -0.63159963   2.73902381
H    -0.32860153   0.62713147  -2.74022920
H    -0.50870978   1.40707519  -0.35542627
H     0.50981478  -1.40552784   0.35448381
H    -0.35768202   0.91780117   2.20251758
H     0.36014341  -0.91901971  -2.19907435
end

basis "ao basis" SPHERICAL
H    S
      3.42525091             0.15432897       
      0.62391373             0.53532814       
      0.16885540             0.44463454  
C    S
     71.6168370              0.15432897       
     13.0450960              0.53532814       
      3.5305122              0.44463454       
C    S
      2.9412494             -0.09996723
      0.6834831              0.39951283    
      0.2222899              0.70011547            
C    P
      2.9412494              0.15591627       
      0.6834831              0.60768372       
      0.2222899              0.39195739    
end

scf
  guess eht
end

task scf
------------------------------------------------------------

                *****************************
                *           OPENMP          *
                *           ------          *
                * Number of threads       4 *
                * Cores available         8 *
                * OpenMP version        4.5 *
                *****************************

                    Basis information
   H
  ----
  1   0S     3.42525091     0.15432897
             0.62391373     0.53532814
             0.16885540     0.44463454


   C
  ----
  1   0S    71.61683700     0.15432897
            13.04509600     0.53532814
             3.53051220     0.44463454

  2   1S     2.94124940    -0.09996723
             0.68348310     0.39951283
             0.22228990     0.70011547

  3   1P     2.94124940     0.15591627
             0.68348310     0.60768372
             0.22228990     0.39195739


Spherical basis set summary:
*---------*-----------------*--------*------------*
| Element |   Description   | Shells | Primitives |
*---------*-----------------*--------*------------*
|   H     | ao basis        |   1    |     3      |
|   C     | ao basis        |   3    |     9      |
*---------*-----------------*--------*------------*

------------------------------------------------------------

AO integrals evaluation module
Output files:
  AOINTS1   one-electron integrals
  AOINTS2   two-electron integrals
One-electron integrals evaluation algorithm: Obara-Saika
Two-electron integrals evaluation algorithm: Obara-Saika
generating atom-centered basis set...
  # bfns   = 30
  # shells = 22
begin 1e integrals...
  overlap
  kinetic energy
  nuclear attraction
done
begin 2e integrals...
  sizeof buf (bytes) = 98304
  sizeof integral (bytes) = 24
  # unique ERIs   = 108345
  # non-zero ERIs = 106587
done

------------------------------------------------------------

          ********************************
          *      Parallel SCF Module     *
          ********************************

                    SCF Parameters
                    --------------
               Wavefunction : RHF
             Max iterations : 50
               Density conv : 1e-06
                Energy conv : 1e-07
            Integral direct : off
                       DIIS : on
                    diisbas : 5

Formula:   
Atoms:     14
Electrons: 34
Mol mass:  58.123
Charge:    0
Spin mult: 1
Units:     angstroms
One-electron integrals read in 0.000000 sec
Basis orthogonalization algorithm: canonical
Basis functions elimination threshold: 1e-08
Overlap matrix lowest eigenvalue = 0.20492610
AO basis orthogonalization done in 0.000269 sec

Initial guess: extended Huckel theory
Initial energy = -273.06998061
Initial guess done in 0.000487 sec

 iter.       Energy         Delta E       RMS-Dens       DIIS-Err     time
----------------------------------------------------------------------------
   1    -146.92850914    -3.73259015     4.07625816     1.94782321    0.01
   2    -155.69308755    -8.76457841     0.48715028     0.15278797    0.01
   3    -155.46606560     0.22702195     0.10069290     0.02454488    0.02
   4    -155.46661696    -0.00055136     0.01862545     0.00314219    0.03
   5    -155.46276470     0.00385226     0.00312337     0.00044553    0.03
   6    -155.46530378    -0.00253908     0.00038704     0.00007290    0.04
   7    -155.46435574     0.00094804     0.00007384     0.00001595    0.04
   8    -155.46449255    -0.00013681     0.00000958     0.00000163    0.05
   9    -155.46448873     0.00000381     0.00000171     0.00000031    0.06
  10    -155.46448848     0.00000026     0.00000013     0.00000003    0.06
----------------------------------------------------------------------------
          Total SCF energy =  -155.46448848
  Nuclear repulsion energy =   129.87406162


      Time for:           sec
---------------------------------
  Orthogonalization      0.000
  Initial guess          0.000
  Density matrix         0.001
  Fock matrix            0.058
  Diagonalization        0.003
---------------------------------


         Molecular Orbitals Summary
  +-----+-----+----------------+----------+
  | No  | Occ |     Energy     | Symmetry |
  +-----+-----+----------------+----------+
  | 1   |  2  |   -11.03990306 |     ?    |
  | 2   |  2  |   -11.03961260 |     ?    |
  | 3   |  2  |   -11.03330805 |     ?    |
  | 4   |  2  |   -11.03328994 |     ?    |
  | 5   |  2  |    -1.02651697 |     ?    |
  | 6   |  2  |    -0.93908060 |     ?    |
  | 7   |  2  |    -0.82273005 |     ?    |
  | 8   |  2  |    -0.75196763 |     ?    |
  | 9   |  2  |    -0.60488918 |     ?    |
  | 10  |  2  |    -0.55138244 |     ?    |
  | 11  |  2  |    -0.53925425 |     ?    |
  | 12  |  2  |    -0.53529593 |     ?    |
  | 13  |  2  |    -0.48185479 |     ?    |
  | 14  |  2  |    -0.46248624 |     ?    |
  | 15  |  2  |    -0.43000863 |     ?    |
  | 16  |  2  |    -0.42441752 |     ?    |
  | 17  |  2  |    -0.41721770 |     ?    |
  | 18  |  0  |     0.59243535 |     ?    |
  | 19  |  0  |     0.59874636 |     ?    |
  | 20  |  0  |     0.65915613 |     ?    |
  | 21  |  0  |     0.66854151 |     ?    |
  | 22  |  0  |     0.67538213 |     ?    |
  | 23  |  0  |     0.72624274 |     ?    |
  | 24  |  0  |     0.73980991 |     ?    |
  | 25  |  0  |     0.74952907 |     ?    |
  | 26  |  0  |     0.75511200 |     ?    |
  | 27  |  0  |     0.76759422 |     ?    |
  | 28  |  0  |     0.78325298 |     ?    |
  | 29  |  0  |     0.79486271 |     ?    |
  | 30  |  0  |     0.81625135 |     ?    |
  +-----+-----+----------------+----------+

        Mulliken population analysis
        ----------------------------

      Atom     Population     Charge
      1  C     6.16733981  -0.16733981
      2  C     6.08897648  -0.08897648
      3  C     6.08905528  -0.08905528
      4  C     6.16736541  -0.16736541
      5  H     0.95199908   0.04800092
      6  H     0.95193964   0.04806036
      7  H     0.94719368   0.05280632
      8  H     0.94717465   0.05282535
      9  H     0.94529819   0.05470181
      10 H     0.94528399   0.05471601
      11 H     0.95199485   0.04800515
      12 H     0.95198443   0.04801557
      13 H     0.94718314   0.05281686
      14 H     0.94721136   0.05278864


        Loewdin population analysis
        ---------------------------

      Atom     Population     Charge
      1  C     6.08118146  -0.08118146
      2  C     6.02864652  -0.02864652
      3  C     6.02870283  -0.02870283
      4  C     6.08120120  -0.08120120
      5  H     0.98177540   0.01822460
      6  H     0.98173548   0.01826452
      7  H     0.97606944   0.02393056
      8  H     0.97605995   0.02394005
      9  H     0.97447909   0.02552091
      10 H     0.97446430   0.02553570
      11 H     0.98177231   0.01822769
      12 H     0.98176222   0.01823778
      13 H     0.97606724   0.02393276
      14 H     0.97608257   0.02391743

               Multipole moments
               -----------------
  D       x            y            z
     0.00009737  -0.00005413   0.00002080

  |D| = 0.00011333 a.u. = 0.00028806 Debye


Allocated: 563800 bytes
Freed:     563800 bytes
Max usage: 145360 bytes
Total time: 7.18 sec
