Minichem 1.0
By Alexander Oleynichenko, 2018
Build date:    Aug 31 2018 09:16:32
Compiler:      gcc 8.2.0
Date:          Fri Aug 31 09:23:53 2018
# MPI threads: 1
Arguments:  minichem.x C4H10.nw 
------------------------------------------------------------
>>> C4H10.nw
# Hartree-Fock calculation of CO

start C4H10
memory 400 mb
echo
nproc 4

geometry
C     0.26142641   0.14797325  -1.94490743
C    -0.39441517   0.33018704  -0.57033640
C     0.39471357  -0.32891968   0.57023536
C    -0.26164731  -0.14845028   1.94473464
H    -1.41633722  -0.08719742  -0.59072051
H     1.41630526   0.08862744   0.59117111
H    -1.27177071  -0.58676349   1.96360239
H     1.27035564   0.58868249  -1.96507454
H     0.32640466  -0.63159963   2.73902381
H    -0.32860153   0.62713147  -2.74022920
H    -0.50870978   1.40707519  -0.35542627
H     0.50981478  -1.40552784   0.35448381
H    -0.35768202   0.91780117   2.20251758
H     0.36014341  -0.91901971  -2.19907435
end

basis "ao basis" SPHERICAL
H    S
      3.42525091             0.15432897       
      0.62391373             0.53532814       
      0.16885540             0.44463454  
C    S
     71.6168370              0.15432897       
     13.0450960              0.53532814       
      3.5305122              0.44463454       
C    S
      2.9412494             -0.09996723
      0.6834831              0.39951283    
      0.2222899              0.70011547            
C    P
      2.9412494              0.15591627       
      0.6834831              0.60768372       
      0.2222899              0.39195739    
end

scf
  guess eht
  direct
end

task scf
------------------------------------------------------------

                *****************************
                *           OPENMP          *
                *           ------          *
                * Number of threads       4 *
                * Cores available         8 *
                * OpenMP version        4.5 *
                *****************************

                    Basis information
   H
  ----
  1   1S     3.42525091     0.15432897
             0.62391373     0.53532814
             0.16885540     0.44463454


   C
  ----
  1   1S    71.61683700     0.15432897
            13.04509600     0.53532814
             3.53051220     0.44463454

  2   2S     2.94124940    -0.09996723
             0.68348310     0.39951283
             0.22228990     0.70011547

  3   2P     2.94124940     0.15591627
             0.68348310     0.60768372
             0.22228990     0.39195739


Spherical basis set summary:
*---------*-----------------*--------*------------*
| Element |   Description   | Shells | Primitives |
*---------*-----------------*--------*------------*
|   H     | ao basis        |   1    |     3      |
|   C     | ao basis        |   3    |     9      |
*---------*-----------------*--------*------------*

------------------------------------------------------------

AO integrals evaluation module
Output files:
  AOINTS1   one-electron integrals
  AOINTS2   two-electron integrals
One-electron integrals evaluation algorithm: Obara-Saika
Two-electron integrals evaluation algorithm: Obara-Saika
generating atom-centered basis set...
  # bfns   = 30
  # shells = 22
begin 1e integrals...
  overlap
  kinetic energy
  nuclear attraction
done
begin 2e integrals...
  sizeof buf (bytes) = 98304
  sizeof integral (bytes) = 24
  # unique ERIs   = 108345
  # non-zero ERIs = 106587
done

------------------------------------------------------------

          ********************************
          *      Parallel SCF Module     *
          ********************************

                    SCF Parameters
                    --------------
               Wavefunction : RHF
             Max iterations : 50
               Density conv : 1e-06
                Energy conv : 1e-07
            Integral direct : on
                       DIIS : on
                    diisbas : 5

Formula:   
Atoms:     14
Electrons: 34
Mol mass:  58.123
Charge:    0
Spin mult: 1
Units:     angstroms
One-electron integrals read in 0.000000 sec
Basis orthogonalization algorithm: canonical
Basis functions elimination threshold: 1e-08
Overlap matrix lowest eigenvalue = 0.20492610
AO basis orthogonalization done in 0.000291 sec

Initial guess: extended Huckel theory
Initial energy = -283.98403854
Initial guess done in 0.000384 sec

 iter.       Energy         Delta E       RMS-Dens       DIIS-Err     time
----------------------------------------------------------------------------
   1    -157.16743469    -3.05745776     0.79994236     0.34850935    2.08
   2    -154.92044497     2.24698972     0.22520304     0.04019979    4.14
   3    -155.53754672    -0.61710175     0.04669085     0.00772998    6.21
   4    -155.46428669     0.07326003     0.00733056     0.00119553    8.29
   5    -155.46465587    -0.00036917     0.00025602     0.00003535   10.41
   6    -155.46448590     0.00016997     0.00004010     0.00000726   12.55
   7    -155.46448727    -0.00000138     0.00000546     0.00000126   14.72
   8    -155.46448995    -0.00000268     0.00000113     0.00000028   16.92
   9    -155.46448801     0.00000194     0.00000028     0.00000005   19.15
----------------------------------------------------------------------------
          Total SCF energy =  -155.46448801
  Nuclear repulsion energy =   129.87406162


      Time for:           sec
---------------------------------
  Orthogonalization      0.000
  Initial guess          0.000
  Density matrix         0.000
  Fock matrix           19.143
  Diagonalization        0.003
---------------------------------


         Molecular Orbitals Summary
  +-----+-----+----------------+----------+
  | No  | Occ |     Energy     | Symmetry |
  +-----+-----+----------------+----------+
  | 1   |  2  |   -11.03990303 |     ?    |
  | 2   |  2  |   -11.03961257 |     ?    |
  | 3   |  2  |   -11.03330798 |     ?    |
  | 4   |  2  |   -11.03328987 |     ?    |
  | 5   |  2  |    -1.02651695 |     ?    |
  | 6   |  2  |    -0.93908058 |     ?    |
  | 7   |  2  |    -0.82273004 |     ?    |
  | 8   |  2  |    -0.75196761 |     ?    |
  | 9   |  2  |    -0.60488917 |     ?    |
  | 10  |  2  |    -0.55138242 |     ?    |
  | 11  |  2  |    -0.53925423 |     ?    |
  | 12  |  2  |    -0.53529591 |     ?    |
  | 13  |  2  |    -0.48185477 |     ?    |
  | 14  |  2  |    -0.46248623 |     ?    |
  | 15  |  2  |    -0.43000861 |     ?    |
  | 16  |  2  |    -0.42441751 |     ?    |
  | 17  |  2  |    -0.41721768 |     ?    |
  | 18  |  0  |     0.59243537 |     ?    |
  | 19  |  0  |     0.59874637 |     ?    |
  | 20  |  0  |     0.65915616 |     ?    |
  | 21  |  0  |     0.66854152 |     ?    |
  | 22  |  0  |     0.67538215 |     ?    |
  | 23  |  0  |     0.72624276 |     ?    |
  | 24  |  0  |     0.73980993 |     ?    |
  | 25  |  0  |     0.74952908 |     ?    |
  | 26  |  0  |     0.75511202 |     ?    |
  | 27  |  0  |     0.76759424 |     ?    |
  | 28  |  0  |     0.78325300 |     ?    |
  | 29  |  0  |     0.79486273 |     ?    |
  | 30  |  0  |     0.81625136 |     ?    |
  +-----+-----+----------------+----------+

        Mulliken population analysis
        ----------------------------

      Atom     Population     Charge
      1  C     6.16733977  -0.16733977
      2  C     6.08897648  -0.08897648
      3  C     6.08905528  -0.08905528
      4  C     6.16736537  -0.16736537
      5  H     0.95199910   0.04800090
      6  H     0.95193965   0.04806035
      7  H     0.94719368   0.05280632
      8  H     0.94717465   0.05282535
      9  H     0.94529820   0.05470180
      10 H     0.94528400   0.05471600
      11 H     0.95199487   0.04800513
      12 H     0.95198445   0.04801555
      13 H     0.94718314   0.05281686
      14 H     0.94721136   0.05278864


        Loewdin population analysis
        ---------------------------

      Atom     Population     Charge
      1  C     6.08118143  -0.08118143
      2  C     6.02864652  -0.02864652
      3  C     6.02870284  -0.02870284
      4  C     6.08120117  -0.08120117
      5  H     0.98177541   0.01822459
      6  H     0.98173549   0.01826451
      7  H     0.97606944   0.02393056
      8  H     0.97605995   0.02394005
      9  H     0.97447910   0.02552090
      10 H     0.97446430   0.02553570
      11 H     0.98177232   0.01822768
      12 H     0.98176223   0.01823777
      13 H     0.97606723   0.02393277
      14 H     0.97608257   0.02391743

               Multipole moments
               -----------------
  D       x            y            z
     0.00009737  -0.00005414   0.00002082

  |D| = 0.00011333 a.u. = 0.00028807 Debye


Allocated: 778696 bytes
Freed:     778696 bytes
Max usage: 151632 bytes
Total time: 26.18 sec
