Minichem 1.0
By Alexander Oleynichenko, 2018
Build date:    Aug 31 2018 11:14:53
Compiler:      gcc 8.2.0
Date:          Fri Aug 31 11:15:54 2018
# MPI threads: 1
Arguments:  minichem.x C6H6.nw 
------------------------------------------------------------
>>> C6H6.nw
# C6H6 single-point energy
# HF molecular orbitals will be written to molden-format file c6h6.mos

start C6H6
#memory 10 mb
echo
#nproc 8

geometry
C  0.000  1.396  0.000
C  1.209  0.698  0.000
C  1.209 -0.698  0.000
C  0.000 -1.396  0.000
C -1.209 -0.698  0.000
C -1.209  0.698  0.000
H  0.000  2.479  0.000
H  2.147  1.240  0.000
H  2.147 -1.240  0.000
H  0.000 -2.479  0.000
H -2.147 -1.240  0.000
H -2.147  1.240  0.000
end

basis "ao basis" SPHERICAL
H    S
      3.42525091             0.15432897       
      0.62391373             0.53532814       
      0.16885540             0.44463454  
C    S
     71.6168370              0.15432897       
     13.0450960              0.53532814       
      3.5305122              0.44463454       
C    S
      2.9412494             -0.09996723
      0.6834831              0.39951283    
      0.2222899              0.70011547            
C    P
      2.9412494              0.15591627       
      0.6834831              0.60768372       
      0.2222899              0.39195739    
end

#scf
#  print "overlap"
 # diis 5
#end

#out
#  molden
#end

task scf
------------------------------------------------------------
                    Basis information
   H
  ----
  1   1S     3.42525091     0.15432897
             0.62391373     0.53532814
             0.16885540     0.44463454


   C
  ----
  1   1S    71.61683700     0.15432897
            13.04509600     0.53532814
             3.53051220     0.44463454

  2   2S     2.94124940    -0.09996723
             0.68348310     0.39951283
             0.22228990     0.70011547

  3   2P     2.94124940     0.15591627
             0.68348310     0.60768372
             0.22228990     0.39195739


Spherical basis set summary:
*---------*-----------------*--------*------------*
| Element |   Description   | Shells | Primitives |
*---------*-----------------*--------*------------*
|   H     | ao basis        |   1    |     3      |
|   C     | ao basis        |   3    |     9      |
*---------*-----------------*--------*------------*

------------------------------------------------------------

AO integrals evaluation module
Output files:
  AOINTS1   one-electron integrals
  AOINTS2   two-electron integrals
One-electron integrals evaluation algorithm: Obara-Saika
Two-electron integrals evaluation algorithm: Obara-Saika
generating atom-centered basis set...
  # bfns   = 36
  # shells = 24
begin 1e integrals...
  overlap
  kinetic energy
  nuclear attraction
done
begin 2e integrals...
  sizeof buf (bytes) = 98304
  sizeof integral (bytes) = 24
  # unique ERIs   = 222111
  # non-zero ERIs = 127945
done

------------------------------------------------------------

          ********************************
          *      Parallel SCF Module     *
          ********************************

                    SCF Parameters
                    --------------
               Wavefunction : RHF
             Max iterations : 50
               Density conv : 1e-06
                Energy conv : 1e-07
            Integral direct : off
                       DIIS : on
                    diisbas : 5

Formula:   
Atoms:     12
Electrons: 42
Mol mass:  78.112
Charge:    0
Spin mult: 1
Units:     angstroms
One-electron integrals read in 0.000000 sec
Basis orthogonalization algorithm: canonical
Basis functions elimination threshold: 1e-08
Overlap matrix lowest eigenvalue = 0.17195555
AO basis orthogonalization done in 0.000418 sec

Initial guess: extended Huckel theory
Initial energy = -429.76043481

 iter.       Energy         Delta E       RMS-Dens       DIIS-Err     time
----------------------------------------------------------------------------
   1    -229.31830420    -2.92583491     0.91076057     0.30543339    0.01
   2    -227.58718307     1.73112113     0.24353524     0.04234603    0.02
   3    -227.93799952    -0.35081645     0.04430170     0.00598920    0.02
   4    -227.88916423     0.04883529     0.00352539     0.00040233    0.03
   5    -227.89088132    -0.00171709     0.00030488     0.00002394    0.04
   6    -227.89074306     0.00013826     0.00001088     0.00000195    0.05
   7    -227.89074407    -0.00000100     0.00000200     0.00000027    0.06
   8    -227.89074473    -0.00000066     0.00000024     0.00000010    0.06
----------------------------------------------------------------------------
          Total SCF energy =  -227.89074473
  Nuclear repulsion energy =   203.36796552



         Molecular Orbitals Summary
  +-----+-----+----------------+----------+
  | No  | Occ |     Energy     | Symmetry |
  +-----+-----+----------------+----------+
  | 1   |  2  |   -11.02908708 |     ?    |
  | 2   |  2  |   -11.02907187 |     ?    |
  | 3   |  2  |   -11.02905315 |     ?    |
  | 4   |  2  |   -11.02873573 |     ?    |
  | 5   |  2  |   -11.02871999 |     ?    |
  | 6   |  2  |   -11.02858537 |     ?    |
  | 7   |  2  |    -1.08915879 |     ?    |
  | 8   |  2  |    -0.95442037 |     ?    |
  | 9   |  2  |    -0.95438300 |     ?    |
  | 10  |  2  |    -0.76696711 |     ?    |
  | 11  |  2  |    -0.76696465 |     ?    |
  | 12  |  2  |    -0.66208322 |     ?    |
  | 13  |  2  |    -0.59530659 |     ?    |
  | 14  |  2  |    -0.55272543 |     ?    |
  | 15  |  2  |    -0.53418390 |     ?    |
  | 16  |  2  |    -0.53414641 |     ?    |
  | 17  |  2  |    -0.45547106 |     ?    |
  | 18  |  2  |    -0.43312876 |     ?    |
  | 19  |  2  |    -0.43302106 |     ?    |
  | 20  |  2  |    -0.27949448 |     ?    |
  | 21  |  2  |    -0.27948893 |     ?    |
  | 22  |  0  |     0.26832336 |     ?    |
  | 23  |  0  |     0.26834121 |     ?    |
  | 24  |  0  |     0.50273480 |     ?    |
  | 25  |  0  |     0.58075920 |     ?    |
  | 26  |  0  |     0.64982581 |     ?    |
  | 27  |  0  |     0.65013229 |     ?    |
  | 28  |  0  |     0.72109488 |     ?    |
  | 29  |  0  |     0.73392898 |     ?    |
  | 30  |  0  |     0.73418101 |     ?    |
  | 31  |  0  |     0.88478857 |     ?    |
  | 32  |  0  |     0.88480816 |     ?    |
  | 33  |  0  |     0.89573740 |     ?    |
  | 34  |  0  |     0.89578463 |     ?    |
  | 35  |  0  |     1.08471801 |     ?    |
  | 36  |  0  |     1.14918773 |     ?    |
  +-----+-----+----------------+----------+

        Mulliken population analysis
        ----------------------------

      Atom     Population     Charge
      1  C     6.06260860  -0.06260860
      2  C     6.06253300  -0.06253300
      3  C     6.06253300  -0.06253300
      4  C     6.06260860  -0.06260860
      5  C     6.06253300  -0.06253300
      6  C     6.06253300  -0.06253300
      7  H     0.93741271   0.06258729
      8  H     0.93745634   0.06254366
      9  H     0.93745634   0.06254366
      10 H     0.93741271   0.06258729
      11 H     0.93745634   0.06254366
      12 H     0.93745634   0.06254366


        Loewdin population analysis
        ---------------------------

      Atom     Population     Charge
      1  C     6.03051101  -0.03051101
      2  C     6.03044759  -0.03044759
      3  C     6.03044759  -0.03044759
      4  C     6.03051101  -0.03051101
      5  C     6.03044759  -0.03044759
      6  C     6.03044759  -0.03044759
      7  H     0.96951757   0.03048243
      8  H     0.96953812   0.03046188
      9  H     0.96953812   0.03046188
      10 H     0.96951757   0.03048243
      11 H     0.96953812   0.03046188
      12 H     0.96953812   0.03046188

               Multipole moments
               -----------------
  D       x            y            z
    -0.00000000  -0.00000000  -0.00000000

  |D| = 0.00000000 a.u. = 0.00000000 Debye


 time for (sec):
 -------------------------------------------------------
  One-electron integrals                          0.033
  Two-electron integrals                         18.521
  Basis set orthogonalization                     0.000
  Initial guess                                   0.000
  Fock matrix diagonalization                     0.003
  Density matrix construction                     0.001
  Fock matrix construction                        0.056
 -------------------------------------------------------
                                                 18.615


Allocated: 660616 bytes
Freed:     660616 bytes
Max usage: 207232 bytes
Total time: 18.625 sec
