Minichem 0.0
By Alexander Oleynichenko, 2016
Build:      1281
Build date: Mar  9 2016 21:44:01
Compiler:   gcc 5.2.0
Date:       Wed Mar  9 22:48:16 2016
Cores:      1
Arguments:  ../bin/minichem CH4.nw 
------------------------------------------------------------
>>> CH4.nw
# Hartree-Fock calculation of CH4

start CH4
memory 400 mb
echo

geometry
C   0.000000000000000   0.000000000000000   0.000000000000000
H   0.628099138030795   0.628099138030795  -0.628099138030795
H  -0.628099138030795  -0.628099138030795  -0.628099138030795
H   0.628099138030795  -0.628099138030795   0.628099138030795
H  -0.628099138030795   0.628099138030795   0.628099138030795
end

basis "ao basis" SPHERICAL
H    S
      3.42525091             0.15432897       
      0.62391373             0.53532814       
      0.16885540             0.44463454  
C    S
     71.6168370              0.15432897       
     13.0450960              0.53532814       
      3.5305122              0.44463454       
C    S
      2.9412494             -0.09996723
      0.6834831              0.39951283    
      0.2222899              0.70011547            
C    P
      2.9412494              0.15591627       
      0.6834831              0.60768372       
      0.2222899              0.39195739    
end

out
  molden
end

task scf
------------------------------------------------------------
                    Basis information
   H
  ----
  1   1S     3.42525091     0.15432897
             0.62391373     0.53532814
             0.16885540     0.44463454


   C
  ----
  1   1S    71.61683700     0.15432897
            13.04509600     0.53532814
             3.53051220     0.44463454

  2   2S     2.94124940    -0.09996723
             0.68348310     0.39951283
             0.22228990     0.70011547

  3   2P     2.94124940     0.15591627
             0.68348310     0.60768372
             0.22228990     0.39195739


Spherical basis set summary:
*---------*-----------------*--------*------------*
| Element |   Description   | Shells | Primitives |
*---------*-----------------*--------*------------*
|   H     | ao basis        |   1    |     3      |
|   C     | ao basis        |   3    |     9      |
*---------*-----------------*--------*------------*

------------------------------------------------------------
          ********************************
          *      Parallel SCF Module     *
          ********************************

Formula:   
Atoms:     5
Electrons: 10
Mol mass:  16.043
Charge:    0
Spin mult: 1
Units:     angstroms
------------------------------------------------------------
One-electron integrals evaluation algorithm: Obara-Saika
Two-electron integrals evaluation algorithm: Obara-Saika
One-electron integrals done in 0.000001 sec

****************** BASIS ORTHOGONALIZATION *******************
Algorithm: canonical
Basis functions elimination threshold: 1e-08
Overlap matrix lowest eigenvalue = 0.21959790
AO basis orthogonalization done in 0.000083 sec

Initial guess: extended Huckel theory
Initial energy = -52.86828401
Initial guess done in 0.003529 sec

#bfns = 9
#eris = 1035

 iter.       Energy         Delta E       RMS-Dens       DIIS-Err     time
----------------------------------------------------------------------------
   1     -40.17939085    -0.77243642     0.37680873     0.33152279    0.03
   2     -39.59909566     0.58029519     0.09494761     0.02005333    0.05
   3     -39.73858027    -0.13948461     0.02151056     0.00181263    0.08
   4     -39.72666288     0.01191739     0.00337264     0.00054865    0.11
   5     -39.72678344    -0.00012056     0.00002831     0.00000153    0.14
   6     -39.72678335     0.00000009     0.00000001     0.00000000    0.17
----------------------------------------------------------------------------
          Total SCF energy =   -39.72678335
  Nuclear repulsion energy =    13.46132959


      Time for:           sec
---------------------------------
  Orthogonalization      0.000
  Initial guess          0.004
  Density matrix         0.022
  Fock matrix            0.129
  Diagonalization        0.000
---------------------------------


         Molecular Orbitals Summary
  +-----+-----+----------------+----------+
  | No  | Occ |     Energy     | Symmetry |
  +-----+-----+----------------+----------+
  | 1   |  2  |   -11.03011002 |     ?    |
  | 2   |  2  |    -0.90956613 |     ?    |
  | 3   |  2  |    -0.51856393 |     ?    |
  | 4   |  2  |    -0.51856393 |     ?    |
  | 5   |  2  |    -0.51856393 |     ?    |
  | 6   |  0  |     0.71487752 |     ?    |
  | 7   |  0  |     0.71487752 |     ?    |
  | 8   |  0  |     0.71487752 |     ?    |
  | 9   |  0  |     0.75365392 |     ?    |
  +-----+-----+----------------+----------+

        Mulliken population analysis
        ----------------------------

      Atom     Population     Charge
      1  C     6.25724858  -0.25724858
      2  H     0.93568785   0.06431215
      3  H     0.93568785   0.06431215
      4  H     0.93568785   0.06431215
      5  H     0.93568785   0.06431215


        Loewdin population analysis
        ---------------------------

      Atom     Population     Charge
      1  C     6.14051085  -0.14051085
      2  H     0.96487229   0.03512771
      3  H     0.96487229   0.03512771
      4  H     0.96487229   0.03512771
      5  H     0.96487229   0.03512771

               Multipole moments
               -----------------
  D       x            y            z
     0.00000000  -0.00000000  -0.00000000

  |D| = 0.00000000 a.u. = 0.00000000 Debye


Allocated: 51820 bytes
Freed:     44972 bytes
Max usage: 15200 bytes
Total time: 0.18 sec
