Minichem 0.0
By Alexander Oleynichenko, 2016
Build:      1281
Build date: Mar  9 2016 21:44:01
Compiler:   gcc 5.2.0
Date:       Wed Mar  9 22:49:39 2016
Cores:      1
Arguments:  ../bin/minichem CO.nw 
------------------------------------------------------------
>>> CO.nw
# Hartree-Fock calculation of CO

start CO
#memory 20 kb
echo
#nproc 4

geometry units atomic
  C 0 0 0
  O 2.16464 0 0
end

basis "ao basis" SPHERICAL
C    S
     71.6168370              0.15432897       
     13.0450960              0.53532814       
      3.5305122              0.44463454       
C    SP
      2.9412494             -0.09996723             0.15591627       
      0.6834831              0.39951283             0.60768372       
      0.2222899              0.70011547             0.39195739       
O    S
    130.7093200              0.15432897       
     23.8088610              0.53532814       
      6.4436083              0.44463454       
O    SP
      5.0331513             -0.09996723             0.15591627       
      1.1695961              0.39951283             0.60768372       
      0.3803890              0.70011547             0.39195739       
end

scf
  nodiis
  maxiter 100
end

task scf
------------------------------------------------------------
                    Basis information
   C
  ----
  1   1S    71.61683700     0.15432897
            13.04509600     0.53532814
             3.53051220     0.44463454

  2   2S     2.94124940    -0.09996723
             0.68348310     0.39951283
             0.22228990     0.70011547

  3   2P     2.94124940     0.15591627
             0.68348310     0.60768372
             0.22228990     0.39195739


   O
  ----
  1   1S   130.70932000     0.15432897
            23.80886100     0.53532814
             6.44360830     0.44463454

  2   2S     5.03315130    -0.09996723
             1.16959610     0.39951283
             0.38038900     0.70011547

  3   2P     5.03315130     0.15591627
             1.16959610     0.60768372
             0.38038900     0.39195739


Spherical basis set summary:
*---------*-----------------*--------*------------*
| Element |   Description   | Shells | Primitives |
*---------*-----------------*--------*------------*
|   C     | ao basis        |   3    |     9      |
|   O     | ao basis        |   3    |     9      |
*---------*-----------------*--------*------------*

------------------------------------------------------------
          ********************************
          *      Parallel SCF Module     *
          ********************************

Formula:   
Atoms:     2
Electrons: 14
Mol mass:  28.010
Charge:    0
Spin mult: 1
Units:     atomic
------------------------------------------------------------
One-electron integrals evaluation algorithm: Obara-Saika
Two-electron integrals evaluation algorithm: Obara-Saika
One-electron integrals done in 0.000001 sec

****************** BASIS ORTHOGONALIZATION *******************
Algorithm: canonical
Basis functions elimination threshold: 1e-08
Overlap matrix lowest eigenvalue = 0.21393818
AO basis orthogonalization done in 0.000100 sec

Initial guess: extended Huckel theory
Initial energy = -134.03920471
Initial guess done in 0.003580 sec

#bfns = 10
#eris = 1540

 iter.       Energy         Delta E       RMS-Dens       DIIS-Err     time
----------------------------------------------------------------------------
   1    -107.45863432     4.40598247     1.97024153     0.68506300    0.06
   2    -114.08696479    -6.62833048     1.56920697     1.11754207    0.12
   3    -108.96542318     5.12154161     1.23879464     0.45525642    0.18
   4    -113.08215644    -4.11673325     0.98528726     0.75903134    0.23
   5    -109.73156819     3.35058825     0.81856175     0.32430023    0.30
   6    -112.44437510    -2.71280691     0.65248740     0.48565002    0.36
   7    -110.24913672     2.19523838     0.53548513     0.21889269    0.42
   8    -112.01686012    -1.76772340     0.42624202     0.30431128    0.48
   9    -110.59342071     1.42343941     0.34652150     0.14351975    0.54
  10    -111.73522053    -1.14179982     0.27571072     0.19003868    0.60
  11    -110.81864863     0.91657190     0.22278465     0.09269917    0.66
  12    -111.55248635    -0.73383771     0.17737535     0.11909639    0.72
  13    -110.96441359     0.58807276     0.14278053     0.05947655    0.78
  14    -111.43488305    -0.47046946     0.11379955     0.07502338    0.84
  15    -111.05820051     0.37668254     0.09138712     0.03806465    0.89
  16    -111.35947589    -0.30127538     0.07291216     0.04747933    0.95
  17    -111.11836869     0.24110720     0.05846581     0.02434282    1.01
  18    -111.31119818    -0.19282948     0.04668391     0.03015395    1.07
  19    -111.15691528     0.15428290     0.03739968     0.01556590    1.12
  20    -111.28030684    -0.12339157     0.02988031     0.01919839    1.18
  21    -111.18159361     0.09871323     0.02392403     0.00995443    1.24
  22    -111.26054403    -0.07895041     0.01912158     0.01224385    1.30
  23    -111.19738810     0.06315593     0.01530434     0.00636663    1.36
  24    -111.24790119    -0.05051310     0.01223542     0.00781729    1.42
  25    -111.20749514     0.04040606     0.00979060     0.00407236    1.47
  26    -111.23981315    -0.03231801     0.00782868     0.00499472    1.54
  27    -111.21396218     0.02585097     0.00626348     0.00260504    1.59
  28    -111.23463887    -0.02067669     0.00500892     0.00319280    1.65
  29    -111.21809995     0.01653892     0.00400711     0.00166650    1.70
  30    -111.23132859    -0.01322864     0.00320472     0.00204157    1.77
  31    -111.22074733     0.01058126     0.00256361     0.00106613    1.83
  32    -111.22921080    -0.00846347     0.00205037     0.00130570    1.89
  33    -111.22244111     0.00676968     0.00164012     0.00068206    1.97
  34    -111.22785589    -0.00541478     0.00131180     0.00083517    2.03
  35    -111.22352478     0.00433111     0.00104931     0.00043636    2.09
  36    -111.22698906    -0.00346428     0.00083927     0.00053425    2.15
  37    -111.22421810     0.00277096     0.00067132     0.00027917    2.21
  38    -111.22643449    -0.00221638     0.00053695     0.00034177    2.27
  39    -111.22466168     0.00177281     0.00042950     0.00017861    2.34
  40    -111.22607968    -0.00141800     0.00034353     0.00021865    2.40
  41    -111.22494547     0.00113421     0.00027478     0.00011427    2.46
  42    -111.22585268    -0.00090721     0.00021979     0.00013988    2.52
  43    -111.22512704     0.00072565     0.00017580     0.00007311    2.58
  44    -111.22570745    -0.00058042     0.00014062     0.00008949    2.63
  45    -111.22524320     0.00046425     0.00011247     0.00004677    2.69
  46    -111.22561454    -0.00037134     0.00008996     0.00005725    2.75
  47    -111.22531752     0.00029702     0.00007196     0.00002992    2.81
  48    -111.22555509    -0.00023758     0.00005756     0.00003663    2.88
  49    -111.22536507     0.00019003     0.00004604     0.00001914    2.95
  50    -111.22551706    -0.00015200     0.00003682     0.00002343    3.01
  51    -111.22539549     0.00012158     0.00002945     0.00001225    3.07
  52    -111.22549273    -0.00009724     0.00002356     0.00001499    3.14
  53    -111.22541495     0.00007778     0.00001884     0.00000784    3.20
  54    -111.22547716    -0.00006222     0.00001507     0.00000959    3.26
  55    -111.22542740     0.00004976     0.00001206     0.00000501    3.32
  56    -111.22546720    -0.00003980     0.00000964     0.00000614    3.39
  57    -111.22543537     0.00003184     0.00000771     0.00000321    3.45
  58    -111.22546083    -0.00002547     0.00000617     0.00000393    3.51
  59    -111.22544046     0.00002037     0.00000493     0.00000205    3.56
  60    -111.22545675    -0.00001629     0.00000395     0.00000251    3.62
  61    -111.22544372     0.00001303     0.00000316     0.00000131    3.68
  62    -111.22545415    -0.00001042     0.00000253     0.00000161    3.74
  63    -111.22544581     0.00000834     0.00000202     0.00000084    3.80
  64    -111.22545248    -0.00000667     0.00000162     0.00000103    3.86
  65    -111.22544714     0.00000533     0.00000129     0.00000054    3.91
  66    -111.22545141    -0.00000427     0.00000103     0.00000066    3.98
  67    -111.22544800     0.00000341     0.00000083     0.00000034    4.04
----------------------------------------------------------------------------
          Total SCF energy =  -111.22544800
  Nuclear repulsion energy =    22.17458792


      Time for:           sec
---------------------------------
  Orthogonalization      0.000
  Initial guess          0.004
  Density matrix         0.226
  Fock matrix            3.585
  Diagonalization        0.002
---------------------------------


         Molecular Orbitals Summary
  +-----+-----+----------------+----------+
  | No  | Occ |     Energy     | Symmetry |
  +-----+-----+----------------+----------+
  | 1   |  2  |   -20.41556794 |     ?    |
  | 2   |  2  |   -11.09218794 |     ?    |
  | 3   |  2  |    -1.44527048 |     ?    |
  | 4   |  2  |    -0.69683262 |     ?    |
  | 5   |  2  |    -0.53992630 |     ?    |
  | 6   |  2  |    -0.53992630 |     ?    |
  | 7   |  2  |    -0.44513207 |     ?    |
  | 8   |  0  |     0.30614509 |     ?    |
  | 9   |  0  |     0.30614509 |     ?    |
  | 10  |  0  |     1.00910941 |     ?    |
  +-----+-----+----------------+----------+

        Mulliken population analysis
        ----------------------------

      Atom     Population     Charge
      1  C     5.80106517   0.19893483
      2  O     8.19893483  -0.19893483


        Loewdin population analysis
        ---------------------------

      Atom     Population     Charge
      1  C     5.95323849   0.04676151
      2  O     8.04676151  -0.04676151

               Multipole moments
               -----------------
  D       x            y            z
     0.04893633  -0.00000000   0.00000000

  |D| = 0.04893633 a.u. = 0.12438373 Debye


Allocated: 415440 bytes
Freed:     361840 bytes
Max usage: 63600 bytes
Total time: 4.05 sec
