Minichem 0.0
By Alexander Oleynichenko, 2016
Build:      1281
Build date: Mar  9 2016 21:44:01
Compiler:   gcc 5.2.0
Date:       Wed Mar  9 22:43:25 2016
Cores:      1
Arguments:  ../bin/minichem H2O.nw 
------------------------------------------------------------
>>> H2O.nw
start H2O
memory 400 mb
echo

geometry
O          0.00000        0.00000        0.11779
H          0.00000        0.75545       -0.47116
H          0.00000       -0.75545       -0.47116
end

basis "ao basis" SPHERICAL
H    S
      3.42525091             0.15432897       
      0.62391373             0.53532814       
      0.16885540             0.44463454  
O    S
    130.7093200              0.15432897       
     23.8088610              0.53532814       
      6.4436083              0.44463454       
O    SP
      5.0331513             -0.09996723             0.15591627       
      1.1695961              0.39951283             0.60768372       
      0.3803890              0.70011547             0.39195739      
end


task scf
------------------------------------------------------------
                    Basis information
   H
  ----
  1   1S     3.42525091     0.15432897
             0.62391373     0.53532814
             0.16885540     0.44463454


   O
  ----
  1   1S   130.70932000     0.15432897
            23.80886100     0.53532814
             6.44360830     0.44463454

  2   2S     5.03315130    -0.09996723
             1.16959610     0.39951283
             0.38038900     0.70011547

  3   2P     5.03315130     0.15591627
             1.16959610     0.60768372
             0.38038900     0.39195739


Spherical basis set summary:
*---------*-----------------*--------*------------*
| Element |   Description   | Shells | Primitives |
*---------*-----------------*--------*------------*
|   H     | ao basis        |   1    |     3      |
|   O     | ao basis        |   3    |     9      |
*---------*-----------------*--------*------------*

------------------------------------------------------------
          ********************************
          *      Parallel SCF Module     *
          ********************************

Formula:   
Atoms:     3
Electrons: 10
Mol mass:  18.015
Charge:    0
Spin mult: 1
Units:     angstroms
------------------------------------------------------------
One-electron integrals evaluation algorithm: Obara-Saika
Two-electron integrals evaluation algorithm: Obara-Saika
One-electron integrals done in 0.000000 sec

****************** BASIS ORTHOGONALIZATION *******************
Algorithm: canonical
Basis functions elimination threshold: 1e-08
Overlap matrix lowest eigenvalue = 0.34263066
AO basis orthogonalization done in 0.000072 sec

Initial guess: extended Huckel theory
Initial energy = -84.58476495
Initial guess done in 0.003684 sec

#bfns = 7
#eris = 406

 iter.       Energy         Delta E       RMS-Dens       DIIS-Err     time
----------------------------------------------------------------------------
   1     -74.76861362     0.62692854     0.76721126     0.51873600    0.02
   2     -74.79061066    -0.02199704     0.33350359     0.06793651    0.04
   3     -75.00315313    -0.21254247     0.09063716     0.00672420    0.06
   4     -74.95436774     0.04878538     0.02308927     0.00398298    0.08
   5     -74.96333272    -0.00896498     0.00872495     0.00150535    0.09
   6     -74.96314371     0.00018901     0.00004656     0.00001477    0.11
   7     -74.96314635    -0.00000264     0.00000182     0.00000066    0.13
   8     -74.96314638    -0.00000002     0.00000000     0.00000000    0.15
----------------------------------------------------------------------------
          Total SCF energy =   -74.96314638
  Nuclear repulsion energy =     9.18922278


      Time for:           sec
---------------------------------
  Orthogonalization      0.000
  Initial guess          0.004
  Density matrix         0.028
  Fock matrix            0.096
  Diagonalization        0.000
---------------------------------


         Molecular Orbitals Summary
  +-----+-----+----------------+----------+
  | No  | Occ |     Energy     | Symmetry |
  +-----+-----+----------------+----------+
  | 1   |  2  |   -20.24237697 |     ?    |
  | 2   |  2  |    -1.26853628 |     ?    |
  | 3   |  2  |    -0.61691253 |     ?    |
  | 4   |  2  |    -0.45387524 |     ?    |
  | 5   |  2  |    -0.39150258 |     ?    |
  | 6   |  0  |     0.60569706 |     ?    |
  | 7   |  0  |     0.74040731 |     ?    |
  +-----+-----+----------------+----------+

        Mulliken population analysis
        ----------------------------

      Atom     Population     Charge
      1  O     8.36506080  -0.36506080
      2  H     0.81746960   0.18253040
      3  H     0.81746960   0.18253040


        Loewdin population analysis
        ---------------------------

      Atom     Population     Charge
      1  O     8.25254200  -0.25254200
      2  H     0.87372900   0.12627100
      3  H     0.87372900   0.12627100

               Multipole moments
               -----------------
  D       x            y            z
     0.00000000   0.00000000  -0.67964434

  |D| = 0.67964434 a.u. = 1.72748344 Debye


Allocated: 44424 bytes
Freed:     40040 bytes
Max usage: 9872 bytes
Total time: 0.15 sec
