Minichem 0.0
By Alexander Oleynichenko, 2016
Build:      1281
Build date: Mar  9 2016 21:44:01
Compiler:   gcc 5.2.0
Date:       Wed Mar  9 22:43:01 2016
Cores:      1
Arguments:  ../bin/minichem heh+.nw 
------------------------------------------------------------
>>> heh+.nw
# Hartree-Fock calculation

start HeH+
#memory 10 kb
echo

geometry units angstroms
  H 0 0 0
  He 0.7743 0 0
end
charge 1

basis
H    S
      3.42525091             0.15432897       
      0.62391373             0.53532814       
      0.16885540             0.44463454       
He    S
      6.36242139             0.15432897       
      1.15892300             0.53532814       
      0.31364979             0.44463454  
end

scf
  maxiter 20
end

task scf




------------------------------------------------------------
                    Basis information
   H
  ----
  1   1S     3.42525091     0.15432897
             0.62391373     0.53532814
             0.16885540     0.44463454


   He
  ----
  1   1S     6.36242139     0.15432897
             1.15892300     0.53532814
             0.31364979     0.44463454


Cartesian basis set summary:
*---------*-----------------*--------*------------*
| Element |   Description   | Shells | Primitives |
*---------*-----------------*--------*------------*
|   H     | user defined    |   1    |     3      |
|   He    | user defined    |   1    |     3      |
*---------*-----------------*--------*------------*

------------------------------------------------------------
          ********************************
          *      Parallel SCF Module     *
          ********************************

Formula:   
Atoms:     2
Electrons: 2
Mol mass:  5.011
Charge:    1
Spin mult: 1
Units:     angstroms
------------------------------------------------------------
One-electron integrals evaluation algorithm: Obara-Saika
Two-electron integrals evaluation algorithm: Obara-Saika
One-electron integrals done in 0.000000 sec

****************** BASIS ORTHOGONALIZATION *******************
Algorithm: canonical
Basis functions elimination threshold: 1e-08
Overlap matrix lowest eigenvalue = 0.46318611
AO basis orthogonalization done in 0.000052 sec

Initial guess: extended Huckel theory
Initial energy = -3.51023981
Initial guess done in 0.003521 sec

#bfns = 2
#eris = 6

 iter.       Energy         Delta E       RMS-Dens       DIIS-Err     time
----------------------------------------------------------------------------
   1      -2.85789754    -0.71451102     0.09133016     0.12149805    0.01
   2      -2.84198433     0.01591321     0.01529496     0.01697796    0.02
   3      -2.84184181     0.00014252     0.00018332     0.00020501    0.03
   4      -2.84183804     0.00000377     0.00000485     0.00000529    0.04
   5      -2.84183804     0.00000001     0.00000001     0.00000001    0.05
----------------------------------------------------------------------------
          Total SCF energy =    -2.84183804
  Nuclear repulsion energy =     1.36685328


      Time for:           sec
---------------------------------
  Orthogonalization      0.000
  Initial guess          0.004
  Density matrix         0.021
  Fock matrix            0.019
  Diagonalization        0.000
---------------------------------


         Molecular Orbitals Summary
  +-----+-----+----------------+----------+
  | No  | Occ |     Energy     | Symmetry |
  +-----+-----+----------------+----------+
  | 1   |  2  |    -1.63279645 |     ?    |
  | 2   |  0  |    -0.17248930 |     ?    |
  +-----+-----+----------------+----------+

        Mulliken population analysis
        ----------------------------

      Atom     Population     Charge
      1  H     0.27256221   0.72743779
      2  He    1.72743779   0.27256221


        Loewdin population analysis
        ---------------------------

      Atom     Population     Charge
      1  H     0.38626024   0.61373976
      2  He    1.61373976   0.38626024

               Multipole moments
               -----------------
  D       x            y            z
     0.34660372   0.00000000   0.00000000

  |D| = 0.34660372 a.u. = 0.88097869 Debye


Allocated: 6856 bytes
Freed:     6216 bytes
Max usage: 1488 bytes
Total time: 0.06 sec
