Minichem 0.0
By Alexander Oleynichenko, 2016
Build:      1370
Build date: Mar 12 2016 16:13:31
Compiler:   gcc 5.2.0
Date:       Sat Mar 12 16:15:01 2016
Cores:      1
Arguments:  ./minichem Li.nw 
------------------------------------------------------------
>>> Li.nw
start Li
#nproc 4
echo

geometry units atomic
  Li 0 0 0
end

basis "ao basis" SPHERICAL
Li    S
     16.1195750              0.15432897       
      2.9362007              0.53532814       
      0.7946505              0.44463454       
Li    SP
      0.6362897             -0.09996723             0.15591627       
      0.1478601              0.39951283             0.60768372       
      0.0480887              0.70011547             0.39195739       
end

scf
  doublet
end

task scf
------------------------------------------------------------
                    Basis information
   Li
  ----
  1   1S    16.11957500     0.15432897
             2.93620070     0.53532814
             0.79465050     0.44463454

  2   2S     0.63628970    -0.09996723
             0.14786010     0.39951283
             0.04808870     0.70011547

  3   2P     0.63628970     0.15591627
             0.14786010     0.60768372
             0.04808870     0.39195739


Spherical basis set summary:
*---------*-----------------*--------*------------*
| Element |   Description   | Shells | Primitives |
*---------*-----------------*--------*------------*
|   Li    | ao basis        |   3    |     9      |
*---------*-----------------*--------*------------*

------------------------------------------------------------
          ********************************
          *      Parallel SCF Module     *
          ********************************

                    SCF Parameters
                    --------------
               Wavefunction : UHF
             Max iterations : 50
               Density conv : 1e-06
                Energy conv : 1e-07
                       DIIS : on
                    diisbas : 5

Formula:   
Atoms:     1
Electrons: 3
Mol mass:  6.941
Charge:    0
Spin mult: 2
Units:     atomic
One-electron integrals evaluation algorithm: Obara-Saika
Two-electron integrals evaluation algorithm: Obara-Saika
One-electron integrals done in 0.000000 sec
Basis orthogonalization algorithm: canonical
Basis functions elimination threshold: 1e-08
Overlap matrix lowest eigenvalue = 0.75886335
AO basis orthogonalization done in 0.000058 sec

Initial guess: extended Huckel theory
Initial energy = -7.39548055
Initial guess done in 0.000024 sec

#bfns = 5
#eris = 120

 iter.       Energy         Delta E       RMS-Dens       time
---------------------------------------------------------------
   1      -7.30884141     0.08663914     0.00000000    0.01
                                         0.03075206
   2      -7.31437361    -0.00553220     0.00000000    0.01
                                         0.00464380
   3      -7.31534839    -0.00097478     0.00000000    0.02
                                         0.00070257
   4      -7.31549903    -0.00015064     0.00000000    0.03
                                         0.00010631
   5      -7.31552190    -0.00002287     0.00000000    0.03
                                         0.00001609
   6      -7.31552536    -0.00000346     0.00000000    0.04
                                         0.00000243
   7      -7.31552589    -0.00000052     0.00000000    0.04
                                         0.00000037
---------------------------------------------------------------
          Total SCF energy =    -7.31552589
  Nuclear repulsion energy =     0.00000000

Allocated: 34392 bytes
Freed:     34392 bytes
Max usage: 4040 bytes
Total time: 0.05 sec
